[lecker.maskandesign.com/html/01_02_bbq.html]
[backblue.gif]
[fade.gif]
[index.html]
[lecker.maskandesign.com/html/css/lecker_library.css]
[lecker.maskandesign.com/html/fonts/themify-icons.css]
[lecker.maskandesign.com/html/css/lecker_style.css]
[lecker.maskandesign.com/html/images/resta/shutterstock_384835423.jpg]
[lecker.maskandesign.com/html/01_03_coffee.html]
[lecker.maskandesign.com/html/01_04_asian.html]
[lecker.maskandesign.com/html/01_05_burger.html]
[lecker.maskandesign.com/html/01_06_icecream.html]
[lecker.maskandesign.com/html/01_07_mexican.html]
[lecker.maskandesign.com/html/01_08_organic.html]
[lecker.maskandesign.com/html/01_09_pizza.html]
[lecker.maskandesign.com/html/02_01_multipage_index.html]
[lecker.maskandesign.com/html/02_02_multipage_about.html]
[lecker.maskandesign.com/html/02_03_multipage_catering.html]
[lecker.maskandesign.com/html/02_04_multipage_specials.html]
[lecker.maskandesign.com/html/02_05_multipage_menu.html]
[lecker.maskandesign.com/html/02_06_multipage_contacts.html]
[lecker.maskandesign.com/html/02_07_multipage_gallery.html]
[lecker.maskandesign.com/html/02_08_multipage_careers.html]
[lecker.maskandesign.com/html/02_09_multipage_reservation.html]
[lecker.maskandesign.com/html/02_10_multipage_slider.html]
[lecker.maskandesign.com/html/images/slider/sl5.jpg]
[lecker.maskandesign.com/html/images/bbq/bbq_logo.png]
[lecker.maskandesign.com/html/images/bbq/shutterstock_390249745.jpg]
[lecker.maskandesign.com/html/images/main_back.jpg]
[lecker.maskandesign.com/html/images/bbq/bbq_logo4.png]
[lecker.maskandesign.com/html/images/news/sl1.jpg]
[lecker.maskandesign.com/html/images/news/sl2.jpg]
[lecker.maskandesign.com/html/images/news/sl3.jpg]
[lecker.maskandesign.com/html/images/news/sl4.jpg]
[lecker.maskandesign.com/html/images/news/sl5.jpg]
[lecker.maskandesign.com/html/images/news/sl6.jpg]
[lecker.maskandesign.com/html/images/burger/shutterstock_401301364.jpg]
[lecker.maskandesign.com/html/images/main_back_bl.jpg]
[lecker.maskandesign.com/html/images/burger/shutterstock_390249745.jpg]
[lecker.maskandesign.com/html/images/burger/shutterstock_367470722.jpg]
[lecker.maskandesign.com/html/images/burger/shutterstock_253135366.jpg]
[lecker.maskandesign.com/html/images/black-1072366_1920.jpg]
[lecker.maskandesign.com/html/images/burger/b2.png]
[lecker.maskandesign.com/html/images/burger/b4.png]
[lecker.maskandesign.com/html/images/burger/b3.png]
[lecker.maskandesign.com/html/images/burger/shutterstock_215468302.jpg]
[lecker.maskandesign.com/html/images/sign.png]
[lecker.maskandesign.com/html/images/sign_wh.png]
[lecker.maskandesign.com/html/images/slider/sl1.jpg]
[lecker.maskandesign.com/html/images/slider/sl2.jpg]
[lecker.maskandesign.com/html/images/slider/sl3.jpg]
[lecker.maskandesign.com/html/images/testimonials/t1.jpg]
[lecker.maskandesign.com/html/images/testimonials/t4.jpg]
[lecker.maskandesign.com/html/images/testimonials/t3.jpg]
[lecker.maskandesign.com/html/images/testimonials/t2.jpg]
[lecker.maskandesign.com/html/images/awards.png]
[lecker.maskandesign.com/html/js/jquery-1.12.4.min.js]
[lecker.maskandesign.com/html/js/lecker_library.js]
[lecker.maskandesign.com/html/js/lecker_script.js]
[lecker.maskandesign.com/html/01_02_bbq.html]
[lecker.maskandesign.com/html/css/lecker_library.css]
[lecker.maskandesign.com/html/fonts/fonts/themify9f24.eot]
[lecker.maskandesign.com/html/fonts/fonts/themifyd41d.eot]
[lecker.maskandesign.com/html/fonts/themify-icons.css]
[lecker.maskandesign.com/html/fonts/fonts/themify9f24.woff]
[lecker.maskandesign.com/html/fonts/fonts/themify9f24.svg]
[lecker.maskandesign.com/html/fonts/fonts/themify9f24.ttf]
[lecker.maskandesign.com/html/fonts/selima/selima_-webfont.eot]
[lecker.maskandesign.com/html/fonts/selima/selima_-webfont.woff2]
[lecker.maskandesign.com/html/fonts/selima/selima_-webfontd41d.eot]
[lecker.maskandesign.com/html/fonts/selima/stylesheet.css]
[lecker.maskandesign.com/html/fonts/selima/selima_-webfont.svg]
[lecker.maskandesign.com/html/images/main_back_bl.png]
[lecker.maskandesign.com/html/images/smoke/lines.png]
[lecker.maskandesign.com/html/images/badge_mini.png]
[lecker.maskandesign.com/html/fonts/selima/selima_-webfont.woff]
[lecker.maskandesign.com/html/images/gold_foil_dark.jpg]
[lecker.maskandesign.com/html/fonts/selima/selima_-webfont.ttf]
[lecker.maskandesign.com/html/images/black_paper.jpg]
[lecker.maskandesign.com/html/images/gold_foil.png]
[lecker.maskandesign.com/html/images/selima_fire_wh.png]
[lecker.maskandesign.com/html/images/selima_fire.png]
[lecker.maskandesign.com/html/images/badge_mini_fire.png]
[lecker.maskandesign.com/html/images/badge_mini_fire_dark.png]
[lecker.maskandesign.com/html/images/fire.jpg]
[lecker.maskandesign.com/html/images/badge_mini_rust.png]
[lecker.maskandesign.com/html/images/badge_mini_neon.png]
[lecker.maskandesign.com/html/images/badge_mini_neon_dark.png]
[lecker.maskandesign.com/html/images/selima_red_wh.png]
[lecker.maskandesign.com/html/images/selima_red.png]
[lecker.maskandesign.com/html/images/badge_mini_red.png]
[lecker.maskandesign.com/html/images/badge_red.png]
[lecker.maskandesign.com/html/images/selima_ice_wh.png]
[lecker.maskandesign.com/html/images/selima_ice.png]
[lecker.maskandesign.com/html/images/badge_mini_ice.png]
[lecker.maskandesign.com/html/images/selima_gold_mini.png]
[lecker.maskandesign.com/html/images/selima_gold_wh.png]
[lecker.maskandesign.com/html/images/selima_gold.png]
[lecker.maskandesign.com/html/images/gold_foil2.png]
[lecker.maskandesign.com/html/css/lecker_style.css]
[lecker.maskandesign.com/html/images/badge.png]
[lecker.maskandesign.com/html/images/coffee/photo-1453614512568-c4024d13c247.jpg]
[lecker.maskandesign.com/html/images/coffee/fl11.png]
[lecker.maskandesign.com/html/images/coffee/fl12.png]
[lecker.maskandesign.com/html/images/coffee/fl3.png]
[lecker.maskandesign.com/html/images/coffee/fl4.png]
[lecker.maskandesign.com/html/images/coffee/fl5.png]
[lecker.maskandesign.com/html/images/coffee/fl6.png]
[lecker.maskandesign.com/html/images/coffee/fl7.png]
[lecker.maskandesign.com/html/images/coffee/fl8.png]
[lecker.maskandesign.com/html/images/coffee/fl9.png]
[lecker.maskandesign.com/html/images/coffee/fl10.png]
[lecker.maskandesign.com/html/images/coffee/fl13.png]
[lecker.maskandesign.com/html/images/coffee/fl14.png]
[lecker.maskandesign.com/html/images/coffee/fl15.png]
[lecker.maskandesign.com/html/images/coffee/coffee_logo.png]
[lecker.maskandesign.com/html/images/main_back_gr.jpg]
[lecker.maskandesign.com/html/images/slider/sl13.jpg]
[lecker.maskandesign.com/html/images/slider/sl4.jpg]
[lecker.maskandesign.com/html/images/slider/sl6.jpg]
[lecker.maskandesign.com/html/images/coffee/photo-1467189386127-c4e5e31ee213.jpg]
[lecker.maskandesign.com/html/images/coffee/photo-1454435840133-795d84feef63.jpg]
[lecker.maskandesign.com/html/images/coffee/photo-1452088245938-06c460393db9.png]
[lecker.maskandesign.com/html/images/coffee/shutterstock_398065522.jpg]
[lecker.maskandesign.com/html/images/coffee/shutterstock_394289380.jpg]
[lecker.maskandesign.com/html/images/coffee/co1.png]
[lecker.maskandesign.com/html/images/coffee/co2.png]
[lecker.maskandesign.com/html/images/coffee/co3.png]
[lecker.maskandesign.com/html/images/coffee/shutterstock_288922148.jpg]
[lecker.maskandesign.com/html/images/coffee/photo-1442975631115-c4f7b05b8a2c.jpg]
[lecker.maskandesign.com/html/images/coffee/shutterstock_384199084.jpg]
[lecker.maskandesign.com/html/01_03_coffee.html]
[lecker.maskandesign.com/html/images/asian/asian2.jpg]
[lecker.maskandesign.com/html/images/asian/asian_logo.png]
[lecker.maskandesign.com/html/images/asian/asia4.jpg]
[lecker.maskandesign.com/html/images/asian/asian_sakura.png]
[lecker.maskandesign.com/html/images/asian/shutterstock_92537116.jpg]
[lecker.maskandesign.com/html/images/asian/shutterstock_123203446.jpg]
[lecker.maskandesign.com/html/images/asian/shutterstock_127817138.jpg]
[lecker.maskandesign.com/html/images/asian/shutterstock_162413408.jpg]
[lecker.maskandesign.com/html/images/asian/shutterstock_224022199.jpg]
[lecker.maskandesign.com/html/images/asian/shutterstock_287793296.jpg]
[lecker.maskandesign.com/html/images/asian/shutterstock_60982609.jpg]
[lecker.maskandesign.com/html/images/asian/asian_sakura3.png]
[lecker.maskandesign.com/html/images/asian/shutterstock_84480076.jpg]
[lecker.maskandesign.com/html/images/asian/asian_sakura2.png]
[lecker.maskandesign.com/html/images/asian/as1.jpg]
[lecker.maskandesign.com/html/images/asian/as2.jpg]
[lecker.maskandesign.com/html/images/asian/as3.jpg]
[lecker.maskandesign.com/html/01_04_asian.html]
[lecker.maskandesign.com/html/images/asian/asian_sakura4.png]
[lecker.maskandesign.com/html/images/resta/shutterstock_346697723.jpg]
[lecker.maskandesign.com/html/images/burger/burger_logo.png]
[lecker.maskandesign.com/html/images/resta/shutterstock_429510046.jpg]
[lecker.maskandesign.com/html/images/burger/shutterstock_362034839.jpg]
[lecker.maskandesign.com/html/images/burger/shutterstock_316591013.jpg]
[lecker.maskandesign.com/html/images/burger/shutterstock_428948971.jpg]
[lecker.maskandesign.com/html/01_05_burger.html]
[lecker.maskandesign.com/html/images/burger/shutterstock_400773136.jpg]
[lecker.maskandesign.com/html/images/icecream/ice1.jpg]
[lecker.maskandesign.com/html/images/icecream/fl11.png]
[lecker.maskandesign.com/html/images/icecream/fl12.png]
[lecker.maskandesign.com/html/images/icecream/fl3.png]
[lecker.maskandesign.com/html/images/icecream/fl4.png]
[lecker.maskandesign.com/html/images/icecream/fl5.png]
[lecker.maskandesign.com/html/images/icecream/fl6.png]
[lecker.maskandesign.com/html/images/icecream/fl7.png]
[lecker.maskandesign.com/html/images/icecream/fl8.png]
[lecker.maskandesign.com/html/images/icecream/fl9.png]
[lecker.maskandesign.com/html/images/icecream/fl10.png]
[lecker.maskandesign.com/html/images/icecream/fl13.png]
[lecker.maskandesign.com/html/images/icecream/fl14.png]
[lecker.maskandesign.com/html/images/icecream/fl15.png]
[lecker.maskandesign.com/html/images/icecream/ice_logo.png]
[lecker.maskandesign.com/html/images/icecream/shutterstock_234895648_2.jpg]
[lecker.maskandesign.com/html/images/icecream/shutterstock_234895648.jpg]
[lecker.maskandesign.com/html/images/icecream/shutterstock_303776999.jpg]
[lecker.maskandesign.com/html/images/icecream/shutterstock_414686125.jpg]
[lecker.maskandesign.com/html/images/icecream/shutterstock_417033919.jpg]
[lecker.maskandesign.com/html/images/icecream/shutterstock_422398810.jpg]
[lecker.maskandesign.com/html/images/icecream/shutterstock_289068905.jpg]
[lecker.maskandesign.com/html/images/icecream/shutterstock_327834221.jpg]
[lecker.maskandesign.com/html/images/icecream/ice1.png]
[lecker.maskandesign.com/html/images/icecream/ice2.png]
[lecker.maskandesign.com/html/images/icecream/ice3.png]
[lecker.maskandesign.com/html/images/resta/shutterstock_430097569.jpg]
[lecker.maskandesign.com/html/01_06_icecream.html]
[lecker.maskandesign.com/html/images/mexican/shutterstock_378385888.jpg]
[lecker.maskandesign.com/html/images/resta/shutterstock_430097278.jpg]
[lecker.maskandesign.com/html/images/mexican/shutterstock_315655118.jpg]
[lecker.maskandesign.com/html/images/mexican/shutterstock_230941204.jpg]
[lecker.maskandesign.com/html/images/mexican/shutterstock_362034839.jpg]
[lecker.maskandesign.com/html/images/mexican/shutterstock_362034866.jpg]
[lecker.maskandesign.com/html/images/mexican/shutterstock_400773136.jpg]
[lecker.maskandesign.com/html/images/mexican/shutterstock_395007781.jpg]
[lecker.maskandesign.com/html/01_07_mexican.html]
[lecker.maskandesign.com/html/images/organic/shutterstock_312700946.jpg]
[lecker.maskandesign.com/html/images/organic_logo.png]
[lecker.maskandesign.com/html/images/resta/shutterstock_381091660.jpg]
[lecker.maskandesign.com/html/images/organic/olive-oil-968657_1280.jpg]
[lecker.maskandesign.com/html/images/organic/shutterstock_117038281.jpg]
[lecker.maskandesign.com/html/images/organic/shutterstock_80288563.jpg]
[lecker.maskandesign.com/html/images/organic/shutterstock_313311959.jpg]
[lecker.maskandesign.com/html/images/organic/kiwi-fruit-580332_1280.jpg]
[lecker.maskandesign.com/html/images/organic/or1.jpg]
[lecker.maskandesign.com/html/images/organic/or2.jpg]
[lecker.maskandesign.com/html/images/organic/or3.jpg]
[lecker.maskandesign.com/html/images/organic/or4.jpg]
[lecker.maskandesign.com/html/images/chef/shutterstock_388063552.jpg]
[lecker.maskandesign.com/html/images/organic/yogurt-1442034_1280.jpg]
[lecker.maskandesign.com/html/01_08_organic.html]
[lecker.maskandesign.com/html/images/breeks.jpg]
[lecker.maskandesign.com/html/images/pizza/shutterstock_196752029.jpg]
[lecker.maskandesign.com/html/images/pizza/shutterstock_163670834.jpg]
[lecker.maskandesign.com/html/images/pizza/shutterstock_252898804.jpg]
[lecker.maskandesign.com/html/images/pizza/shutterstock_267495407.jpg]
[lecker.maskandesign.com/html/images/pizza/shutterstock_269459642.jpg]
[lecker.maskandesign.com/html/images/pizza/shutterstock_311271674.jpg]
[lecker.maskandesign.com/html/images/pizza/shutterstock_311271686.jpg]
[lecker.maskandesign.com/html/images/pizza/shutterstock_386398741.jpg]
[lecker.maskandesign.com/html/images/pizza/p1.png]
[lecker.maskandesign.com/html/images/pizza/p2.png]
[lecker.maskandesign.com/html/images/pizza/p3.png]
[lecker.maskandesign.com/html/images/pizza/p4.png]
[lecker.maskandesign.com/html/images/pizza/p5.png]
[lecker.maskandesign.com/html/images/pizza/p6.png]
[lecker.maskandesign.com/html/images/resta/shutterstock_430684768.jpg]
[lecker.maskandesign.com/html/01_09_pizza.html]
[lecker.maskandesign.com/html/02_01_multipage_index.html]
[lecker.maskandesign.com/html/images/resta/shutterstock_165381317.jpg]
[lecker.maskandesign.com/html/02_02_multipage_about.html]
[lecker.maskandesign.com/html/02_03_multipage_catering.html]
[lecker.maskandesign.com/html/images/resta/shutterstock_394289380.jpg]
[lecker.maskandesign.com/html/02_04_multipage_specials.html]
[lecker.maskandesign.com/html/images/resta/shutterstock_398065522.jpg]
[lecker.maskandesign.com/html/02_05_multipage_menu.html]
[lecker.maskandesign.com/html/02_06_multipage_contacts.html]
[lecker.maskandesign.com/html/02_07_multipage_gallery.html]
[lecker.maskandesign.com/html/02_08_multipage_careers.html]
[lecker.maskandesign.com/html/02_09_multipage_reservation.html]
[lecker.maskandesign.com/html/02_10_multipage_slider.html]
[lecker.maskandesign.com/html/js/jquery-1.12.4.min.js]
[lecker.maskandesign.com/html/js/lecker_library.js]
[lecker.maskandesign.com/html/js/lecker_script.js]
[lecker.maskandesign.com/html/fonts/glyphicons-halflings-regular.html]
[lecker.maskandesign.com/html/fonts/glyphicons-halflings-regulard41d.html]
[lecker.maskandesign.com/html/fonts/glyphicons-halflings-regular-2.html]
[lecker.maskandesign.com/html/fonts/glyphicons-halflings-regular-3.html]
[lecker.maskandesign.com/html/fonts/glyphicons-halflings-regular-4.html]
[lecker.maskandesign.com/html/fonts/glyphicons-halflings-regular-5.html]
[lecker.maskandesign.com/html/css/owl.video.play.html]
[lecker.maskandesign.com/html/fonts/fonts/themify9f24.svg]
[lecker.maskandesign.com/html/fonts/selima/selima_-webfont.svg]
[lecker.maskandesign.com/html/images/sea/white_rough_edge_bottom.html]
[lecker.maskandesign.com/html/images/sea/white_rough_edge_top.html]
[lecker.maskandesign.com/html/images/sea/white_rough_edge_bottom_bl.html]
[lecker.maskandesign.com/html/images/sea/white_rough_edge_top_bl.html]
[lecker.maskandesign.com/html/images/selima_gold_retina.html]
[lecker.maskandesign.com/html/images/macbook2.html]
[lecker.maskandesign.com/html/images/lec_desktop.html]
[lecker.maskandesign.com/html/images/lec_mobile_header.html]
[lecker.maskandesign.com/html/images/lec_tablet_header.html]
[lecker.maskandesign.com/html/images/RESTA/shutterstock_429510046.html]
[lecker.maskandesign.com/html/GET.html]
[lecker.maskandesign.com/html/Popover requires tooltip.html]
