[www.spheretheme.com/steam/index.html]
[backblue.gif]
[fade.gif]
[index.html]
[www.spheretheme.com/steam/favicon.png]
[www.spheretheme.com/steam/assets/images/background/banner-2.jpg]
[www.spheretheme.com/steam/assets/images/logo/logo-icon.png]
[www.spheretheme.com/steam/index-1.html]
[www.spheretheme.com/steam/assets/images/demo/home1.jpg]
[www.spheretheme.com/steam/index-2.html]
[www.spheretheme.com/steam/assets/images/demo/home2.jpg]
[www.spheretheme.com/steam/index-3.html]
[www.spheretheme.com/steam/assets/images/demo/home3.jpg]
[www.spheretheme.com/steam/index-onepage.html]
[www.spheretheme.com/steam/assets/images/demo/onepage.jpg]
[www.spheretheme.com/steam/menu.html]
[www.spheretheme.com/steam/assets/images/demo/menu.jpg]
[www.spheretheme.com/steam/menu-2.html]
[www.spheretheme.com/steam/assets/images/demo/menu-2.jpg]
[www.spheretheme.com/steam/reservation.html]
[www.spheretheme.com/steam/assets/images/demo/reservation.jpg]
[www.spheretheme.com/steam/about.html]
[www.spheretheme.com/steam/assets/images/demo/about.jpg]
[www.spheretheme.com/steam/contact-us.html]
[www.spheretheme.com/steam/assets/images/demo/contact.jpg]
[www.spheretheme.com/steam/contact-us-2.html]
[www.spheretheme.com/steam/assets/images/demo/contact-2.jpg]
[www.spheretheme.com/steam/contact-us-3.html]
[www.spheretheme.com/steam/assets/images/demo/contact-3.jpg]
[www.spheretheme.com/steam/blog.html]
[www.spheretheme.com/steam/assets/images/demo/blog.jpg]
[www.spheretheme.com/steam/blog-2.html]
[www.spheretheme.com/steam/assets/images/demo/blog-2.jpg]
[www.spheretheme.com/steam/blog-details.html]
[www.spheretheme.com/steam/assets/images/demo/blog-details.jpg]
[www.spheretheme.com/steam/blog-details-2.html]
[www.spheretheme.com/steam/assets/images/demo/blog-details-2.jpg]
[www.spheretheme.com/steam/shop.html]
[www.spheretheme.com/steam/assets/images/demo/shop.jpg]
[www.spheretheme.com/steam/shop-details.html]
[www.spheretheme.com/steam/assets/images/demo/shop-details.jpg]
[www.spheretheme.com/steam/shopping-cart.html]
[www.spheretheme.com/steam/assets/images/demo/shopping-cart.jpg]
[www.spheretheme.com/steam/search.html]
[www.spheretheme.com/steam/assets/images/demo/search.jpg]
[www.spheretheme.com/steam/login.html]
[www.spheretheme.com/steam/assets/images/demo/login.jpg]
[www.spheretheme.com/steam/register.html]
[www.spheretheme.com/steam/assets/images/demo/register.jpg]
[www.spheretheme.com/steam/forgot-password.html]
[www.spheretheme.com/steam/assets/images/demo/forgot-password.jpg]
[www.spheretheme.com/steam/thank-you.html]
[www.spheretheme.com/steam/assets/images/demo/thank-you.jpg]
[www.spheretheme.com/steam/404.html]
[www.spheretheme.com/steam/assets/images/demo/404.jpg]
[www.spheretheme.com/steam/dashboard.html]
[www.spheretheme.com/steam/assets/images/demo/dashboard.jpg]
[www.spheretheme.com/steam/assets/images/logo/logo-white.png]
[www.spheretheme.com/steam/index.html]
[www.spheretheme.com/steam/assets/libs/bootstrap-4.0.0-dist/css/bootstrap.min.css]
[www.spheretheme.com/steam/assets/libs/icofont/fonts/icofont7858.eot]
[www.spheretheme.com/steam/assets/libs/icofont/fonts/icofont7858.ttf]
[www.spheretheme.com/steam/assets/libs/icofont/fonts/icofont7858.woff]
[www.spheretheme.com/steam/assets/libs/icofont/css/icofont.css]
[www.spheretheme.com/steam/assets/images/background/main-bg-1.jpg]
[www.spheretheme.com/steam/assets/images/background/main-bg-2.jpg]
[www.spheretheme.com/steam/assets/images/background/main-bg-3.jpg]
[www.spheretheme.com/steam/assets/images/background/main-bg-4.jpg]
[www.spheretheme.com/steam/assets/images/background/main-bg-5.jpg]
[www.spheretheme.com/steam/assets/images/background/main-bg-6.jpg]
[www.spheretheme.com/steam/assets/images/background/main-bg-7.jpg]
[www.spheretheme.com/steam/assets/images/background/main-bg-8.jpg]
[www.spheretheme.com/steam/assets/images/background/order-bg-bottom.jpg]
[www.spheretheme.com/steam/assets/images/background/bg-big-left.png]
[www.spheretheme.com/steam/assets/images/background/bg-big-right.png]
[www.spheretheme.com/steam/assets/images/background/reservation_bg.jpg]
[www.spheretheme.com/steam/assets/images/background/bg-2.png]
[www.spheretheme.com/steam/assets/images/background/bg-1.png]
[www.spheretheme.com/steam/assets/images/background/bread-crumb-bg1.jpg]
[www.spheretheme.com/steam/assets/images/background/fun-factor.jpg]
[www.spheretheme.com/steam/assets/images/background/tesi-bg.jpg]
[www.spheretheme.com/steam/assets/images/background/left-bg.jpg]
[www.spheretheme.com/steam/assets/images/background/team-right.png]
[www.spheretheme.com/steam/assets/images/background/cup-coffee-left.png]
[www.spheretheme.com/steam/assets/images/background/banner-4.jpg]
[www.spheretheme.com/steam/assets/css/style.css]
[www.spheretheme.com/steam/assets/switch-style/demo.css]
[www.spheretheme.com/steam/assets/images/logo/logo.png]
[www.spheretheme.com/steam/assets/images/background/banner-1.jpg]
[www.spheretheme.com/steam/assets/images/background/banner-3.jpg]
[www.spheretheme.com/steam/assets/images/lines.png]
[www.spheretheme.com/steam/assets/images/dishes/01.jpg]
[www.spheretheme.com/steam/assets/images/dishes/02.jpg]
[www.spheretheme.com/steam/assets/images/dishes/03.jpg]
[www.spheretheme.com/steam/assets/images/dishes/04.jpg]
[www.spheretheme.com/steam/assets/images/dishes/05.jpg]
[www.spheretheme.com/steam/assets/images/our-menu/01.jpg]
[www.spheretheme.com/steam/assets/images/our-menu/04.jpg]
[www.spheretheme.com/steam/assets/images/our-menu/07.jpg]
[www.spheretheme.com/steam/assets/images/our-menu/02.jpg]
[www.spheretheme.com/steam/assets/images/our-menu/05.jpg]
[www.spheretheme.com/steam/assets/images/our-menu/08.jpg]
[www.spheretheme.com/steam/assets/images/our-menu/03.jpg]
[www.spheretheme.com/steam/assets/images/our-menu/06.jpg]
[www.spheretheme.com/steam/assets/images/our-menu/09.jpg]
[www.spheretheme.com/steam/assets/images/blog/b1.jpg]
[www.spheretheme.com/steam/assets/images/blog/b2.jpg]
[www.spheretheme.com/steam/assets/images/blog/b3.jpg]
[www.spheretheme.com/steam/assets/images/instagram/1.jpg]
[www.spheretheme.com/steam/assets/images/instagram/2.jpg]
[www.spheretheme.com/steam/assets/images/instagram/3.jpg]
[www.spheretheme.com/steam/assets/images/instagram/4.jpg]
[www.spheretheme.com/steam/assets/images/instagram/5.jpg]
[www.spheretheme.com/steam/assets/images/instagram/6.jpg]
[www.spheretheme.com/steam/assets/images/logo/logo-gray.png]
[www.spheretheme.com/steam/index-1.html]
[www.spheretheme.com/steam/index-2.html]
[www.spheretheme.com/steam/index-3.html]
[www.spheretheme.com/steam/assets/images/about/1.png]
[www.spheretheme.com/steam/assets/images/about/2.png]
[www.spheretheme.com/steam/assets/images/about/3.jpg]
[www.spheretheme.com/steam/index-onepage.html]
[www.spheretheme.com/steam/menu.html]
[www.spheretheme.com/steam/menu-2.html]
[www.spheretheme.com/steam/reservation.html]
[www.spheretheme.com/steam/assets/images/about/about-bg.jpg]
[www.spheretheme.com/steam/assets/images/chefs/chefs-1.jpg]
[www.spheretheme.com/steam/assets/images/chefs/chefs-2.jpg]
[www.spheretheme.com/steam/assets/images/chefs/chefs-3.jpg]
[www.spheretheme.com/steam/about.html]
[www.spheretheme.com/steam/contact-us.html]
[www.spheretheme.com/steam/contact-us-2.html]
[www.spheretheme.com/steam/contact-us-3.html]
[www.spheretheme.com/steam/assets/images/blog/b4.jpg]
[www.spheretheme.com/steam/assets/images/blog/b8.jpg]
[www.spheretheme.com/steam/assets/images/blog/b5.jpg]
[www.spheretheme.com/steam/blog.html]
[www.spheretheme.com/steam/assets/images/blog-detail/img1.jpg]
[www.spheretheme.com/steam/assets/images/blog-detail/img2.jpg]
[www.spheretheme.com/steam/assets/images/blog-detail/img3.jpg]
[www.spheretheme.com/steam/assets/images/blog-detail/img4.jpg]
[www.spheretheme.com/steam/assets/images/blog-detail/img5.jpg]
[www.spheretheme.com/steam/assets/images/instagram/7.jpg]
[www.spheretheme.com/steam/assets/images/instagram/8.jpg]
[www.spheretheme.com/steam/blog-2.html]
[www.spheretheme.com/steam/assets/images/instagram/9.jpg]
[www.spheretheme.com/steam/assets/images/blog-detail/big.jpg]
[www.spheretheme.com/steam/assets/images/blog-detail/01.jpg]
[www.spheretheme.com/steam/blog-details.html]
[www.spheretheme.com/steam/blog-details-2.html]
[www.spheretheme.com/steam/assets/images/blog-detail/02.jpg]
[www.spheretheme.com/steam/assets/images/shop/01.jpg]
[www.spheretheme.com/steam/assets/images/shop/02.jpg]
[www.spheretheme.com/steam/assets/images/shop/03.jpg]
[www.spheretheme.com/steam/assets/images/shop/04.jpg]
[www.spheretheme.com/steam/assets/images/shop/05.jpg]
[www.spheretheme.com/steam/assets/images/shop/06.jpg]
[www.spheretheme.com/steam/assets/images/shop/07.jpg]
[www.spheretheme.com/steam/assets/images/shop/08.jpg]
[www.spheretheme.com/steam/assets/images/shop/09.jpg]
[www.spheretheme.com/steam/shop.html]
[www.spheretheme.com/steam/shop-details.html]
[www.spheretheme.com/steam/assets/images/shop/details.jpg]
[www.spheretheme.com/steam/assets/images/shop/visacard.png]
[www.spheretheme.com/steam/assets/images/shop/master.png]
[www.spheretheme.com/steam/assets/images/shop/discovers.png]
[www.spheretheme.com/steam/shopping-cart.html]
[www.spheretheme.com/steam/assets/images/shop/pay.png]
[www.spheretheme.com/steam/search.html]
[www.spheretheme.com/steam/login.html]
[www.spheretheme.com/steam/register.html]
[www.spheretheme.com/steam/forgot-password.html]
[www.spheretheme.com/steam/thank-you.html]
[www.spheretheme.com/steam/404.html]
[www.spheretheme.com/steam/assets/images/mastercard.png]
[www.spheretheme.com/steam/assets/images/visa.png]
[www.spheretheme.com/steam/dashboard.html]
[www.spheretheme.com/steam/assets/libs/jquery/jquery.min.js]
[www.spheretheme.com/steam/assets/libs/bootstrap-4.0.0-dist/js/bootstrap.min.js]
[www.spheretheme.com/steam/assets/switch-style/demo.js]
[www.spheretheme.com/steam/assets/libs/icofont/fonts/icofont7858.svg]
[www.spheretheme.com/steam/assets/libs/owlcarousel2/assets/owl.carousel.min.css]
[www.spheretheme.com/steam/assets/libs/owlcarousel2/assets/owl.video.play.png]
[www.spheretheme.com/steam/assets/libs/mb.YTPlayer/css/jquery.mb.YTPlayer.min.css]
[www.spheretheme.com/steam/assets/switch-style/switch-style.css]
[www.spheretheme.com/steam/assets/libs/jquery-validation/jquery.validate.min.js]
[www.spheretheme.com/steam/assets/libs/popper/popper.min.js]
[www.spheretheme.com/steam/assets/libs/owlcarousel2/owl.carousel.min.js]
[www.spheretheme.com/steam/assets/libs/jquery.inview/jquery.inview.min.js]
[www.spheretheme.com/steam/assets/libs/jquery.countTo/jquery.countTo.js]
[www.spheretheme.com/steam/assets/libs/mb.YTPlayer/jquery.mb.YTPlayer.min.js]
[www.spheretheme.com/steam/assets/switch-style/switch-style.js]
[www.spheretheme.com/steam/assets/js/internal.js]
[www.spheretheme.com/steam/assets/libs/animated-headlines/animated-headlines.css]
[www.spheretheme.com/steam/assets/libs/animated-headlines/animated-headlines.js]
[www.spheretheme.com/steam/assets/js/onepage.js]
[www.spheretheme.com/steam/assets/libs/mb.YTPlayer/css/font/ytp-regular.eot]
[www.spheretheme.com/steam/assets/libs/bootstrap-select/bootstrap-select.css]
[www.spheretheme.com/steam/assets/libs/bootstrap-select/bootstrap-select.js]
[www.spheretheme.com/steam/popper.html]
